
[2026-05-11 15:15:04] production.INFO: start : running LA Lead Whatsapp command  
[2026-05-11 15:15:04] production.INFO: start run LALeadWhatsappServicesInterakt  
[2026-05-11 15:15:05] production.INFO: start : running SA Lead Whatsapp command  
[2026-05-11 15:15:05] production.INFO: start run SALeadWhatsappServicesInterakt  
[2026-05-11 15:30:04] production.INFO: start : running LA Lead Whatsapp command  
[2026-05-11 15:30:04] production.INFO: start run LALeadWhatsappServicesInterakt  
[2026-05-11 15:30:04] production.INFO: start : running SA Lead Whatsapp command  
[2026-05-11 15:30:04] production.INFO: start run SALeadWhatsappServicesInterakt  
[2026-05-11 15:38:54] production.INFO: 1  
[2026-05-11 15:45:09] production.INFO: start : running LA Lead Whatsapp command  
[2026-05-11 15:45:09] production.INFO: start run LALeadWhatsappServicesInterakt  
[2026-05-11 15:45:09] production.INFO: start : running SA Lead Whatsapp command  
[2026-05-11 15:45:09] production.INFO: start run SALeadWhatsappServicesInterakt  
[2026-05-11 15:45:56] production.INFO: response{"messageId":"<202605111015.53653085905@smtp-relay.mailin.fr>"}
  
[2026-05-11 15:45:56] production.INFO: err  
[2026-05-11 15:45:56] production.ERROR: send_order_data: HTTP 422 (https://bizfin.indiakarobar.com/api/channel-partners/turnover) => {"type":"ERROR","message":"Mentioned product is invalid."}  
[2026-05-11 15:57:18] production.INFO: response{"messageId":"<202605111027.67179263940@smtp-relay.mailin.fr>"}
  
[2026-05-11 15:57:18] production.INFO: err  
[2026-05-11 15:57:18] production.INFO: response{"messageId":"<202605111027.98335922225@smtp-relay.mailin.fr>"}
  
[2026-05-11 15:57:18] production.INFO: err  
[2026-05-11 16:00:05] production.INFO: start : running LA Lead Whatsapp command  
[2026-05-11 16:00:05] production.INFO: start run LALeadWhatsappServicesInterakt  
[2026-05-11 16:00:05] production.INFO: start : running SA Lead Whatsapp command  
[2026-05-11 16:00:05] production.INFO: start run SALeadWhatsappServicesInterakt  
[2026-05-11 16:15:04] production.INFO: start : running LA Lead Whatsapp command  
[2026-05-11 16:15:04] production.INFO: start run LALeadWhatsappServicesInterakt  
[2026-05-11 16:15:04] production.INFO: start : running SA Lead Whatsapp command  
[2026-05-11 16:15:04] production.INFO: start run SALeadWhatsappServicesInterakt  
[2026-05-11 16:21:54] production.INFO: response{"messageId":"<202605111051.80496143417@smtp-relay.mailin.fr>"}
  
[2026-05-11 16:21:54] production.INFO: err  
[2026-05-11 16:21:54] production.ERROR: send_order_data: HTTP 422 (https://bizfin.indiakarobar.com/api/channel-partners/turnover) => {"type":"ERROR","message":"Mentioned product is invalid."}  
[2026-05-11 16:26:47] production.INFO: response{"messageId":"<202605111056.93571616675@smtp-relay.mailin.fr>"}
  
[2026-05-11 16:26:47] production.INFO: err  
[2026-05-11 16:30:04] production.INFO: start : running LA Lead Whatsapp command  
[2026-05-11 16:30:04] production.INFO: start run LALeadWhatsappServicesInterakt  
[2026-05-11 16:30:05] production.INFO: start : running SA Lead Whatsapp command  
[2026-05-11 16:30:05] production.INFO: start run SALeadWhatsappServicesInterakt  
[2026-05-11 16:45:03] production.INFO: start : running LA Lead Whatsapp command  
[2026-05-11 16:45:03] production.INFO: start run LALeadWhatsappServicesInterakt  
[2026-05-11 16:45:04] production.INFO: start : running SA Lead Whatsapp command  
[2026-05-11 16:45:04] production.INFO: start run SALeadWhatsappServicesInterakt  
[2026-05-11 17:00:05] production.INFO: start : running LA Lead Whatsapp command  
[2026-05-11 17:00:05] production.INFO: start run LALeadWhatsappServicesInterakt  
[2026-05-11 17:00:05] production.INFO: start : running SA Lead Whatsapp command  
[2026-05-11 17:00:05] production.INFO: start run SALeadWhatsappServicesInterakt  
[2026-05-11 17:15:03] production.INFO: start : running LA Lead Whatsapp command  
[2026-05-11 17:15:03] production.INFO: start run LALeadWhatsappServicesInterakt  
[2026-05-11 17:15:04] production.INFO: start : running SA Lead Whatsapp command  
[2026-05-11 17:15:04] production.INFO: start run SALeadWhatsappServicesInterakt  
[2026-05-11 17:30:05] production.INFO: start : running LA Lead Whatsapp command  
[2026-05-11 17:30:05] production.INFO: start run LALeadWhatsappServicesInterakt  
[2026-05-11 17:30:05] production.INFO: start : running SA Lead Whatsapp command  
[2026-05-11 17:30:05] production.INFO: start run SALeadWhatsappServicesInterakt  
[2026-05-11 17:45:04] production.INFO: start : running LA Lead Whatsapp command  
[2026-05-11 17:45:04] production.INFO: start run LALeadWhatsappServicesInterakt  
[2026-05-11 17:45:04] production.INFO: start : running SA Lead Whatsapp command  
[2026-05-11 17:45:04] production.INFO: start run SALeadWhatsappServicesInterakt  
[2026-05-11 18:00:04] production.INFO: start : running LA Lead Whatsapp command  
[2026-05-11 18:00:04] production.INFO: start run LALeadWhatsappServicesInterakt  
[2026-05-11 18:00:04] production.INFO: start : running SA Lead Whatsapp command  
[2026-05-11 18:00:04] production.INFO: start run SALeadWhatsappServicesInterakt  
[2026-05-11 18:15:04] production.INFO: start : running LA Lead Whatsapp command  
[2026-05-11 18:15:04] production.INFO: start run LALeadWhatsappServicesInterakt  
[2026-05-11 18:15:04] production.INFO: start : running SA Lead Whatsapp command  
[2026-05-11 18:15:04] production.INFO: start run SALeadWhatsappServicesInterakt  
[2026-05-11 18:30:09] production.INFO: start : running LA Lead Whatsapp command  
[2026-05-11 18:30:09] production.INFO: start run LALeadWhatsappServicesInterakt  
[2026-05-11 18:30:09] production.INFO: start : running SA Lead Whatsapp command  
[2026-05-11 18:30:09] production.INFO: start run SALeadWhatsappServicesInterakt  
[2026-05-11 18:45:04] production.INFO: start : running LA Lead Whatsapp command  
[2026-05-11 18:45:04] production.INFO: start run LALeadWhatsappServicesInterakt  
[2026-05-11 18:45:04] production.INFO: start : running SA Lead Whatsapp command  
[2026-05-11 18:45:04] production.INFO: start run SALeadWhatsappServicesInterakt  
[2026-05-11 19:00:04] production.INFO: start : running LA Lead Whatsapp command  
[2026-05-11 19:00:04] production.INFO: start run LALeadWhatsappServicesInterakt  
[2026-05-11 19:00:05] production.INFO: start : running SA Lead Whatsapp command  
[2026-05-11 19:00:05] production.INFO: start run SALeadWhatsappServicesInterakt  
[2026-05-11 19:15:04] production.INFO: start : running LA Lead Whatsapp command  
[2026-05-11 19:15:04] production.INFO: start run LALeadWhatsappServicesInterakt  
[2026-05-11 19:15:04] production.INFO: start : running SA Lead Whatsapp command  
[2026-05-11 19:15:04] production.INFO: start run SALeadWhatsappServicesInterakt  
[2026-05-11 19:30:03] production.INFO: start : running LA Lead Whatsapp command  
[2026-05-11 19:30:03] production.INFO: start run LALeadWhatsappServicesInterakt  
[2026-05-11 19:30:04] production.INFO: start : running SA Lead Whatsapp command  
[2026-05-11 19:30:04] production.INFO: start run SALeadWhatsappServicesInterakt  
[2026-05-11 19:45:04] production.INFO: start : running LA Lead Whatsapp command  
[2026-05-11 19:45:04] production.INFO: start run LALeadWhatsappServicesInterakt  
[2026-05-11 19:45:05] production.INFO: start : running SA Lead Whatsapp command  
[2026-05-11 19:45:05] production.INFO: start run SALeadWhatsappServicesInterakt  
[2026-05-11 20:00:04] production.INFO: start : running LA Lead Whatsapp command  
[2026-05-11 20:00:04] production.INFO: start run LALeadWhatsappServicesInterakt  
[2026-05-11 20:00:04] production.INFO: start : running SA Lead Whatsapp command  
[2026-05-11 20:00:04] production.INFO: start run SALeadWhatsappServicesInterakt  
[2026-05-11 20:15:04] production.INFO: start : running LA Lead Whatsapp command  
[2026-05-11 20:15:04] production.INFO: start run LALeadWhatsappServicesInterakt  
[2026-05-11 20:15:04] production.INFO: start : running SA Lead Whatsapp command  
[2026-05-11 20:15:04] production.INFO: start run SALeadWhatsappServicesInterakt  
[2026-05-11 20:30:05] production.INFO: start : running LA Lead Whatsapp command  
[2026-05-11 20:30:05] production.INFO: start run LALeadWhatsappServicesInterakt  
[2026-05-11 20:30:06] production.INFO: start : running SA Lead Whatsapp command  
[2026-05-11 20:30:06] production.INFO: start run SALeadWhatsappServicesInterakt  
[2026-05-11 20:45:04] production.INFO: start : running LA Lead Whatsapp command  
[2026-05-11 20:45:04] production.INFO: start run LALeadWhatsappServicesInterakt  
[2026-05-11 20:45:05] production.INFO: start : running SA Lead Whatsapp command  
[2026-05-11 20:45:05] production.INFO: start run SALeadWhatsappServicesInterakt  
[2026-05-11 21:00:04] production.INFO: start : running LA Lead Whatsapp command  
[2026-05-11 21:00:04] production.INFO: start run LALeadWhatsappServicesInterakt  
[2026-05-11 21:00:04] production.INFO: start : running SA Lead Whatsapp command  
[2026-05-11 21:00:04] production.INFO: start run SALeadWhatsappServicesInterakt  
[2026-05-11 21:15:04] production.INFO: start : running LA Lead Whatsapp command  
[2026-05-11 21:15:04] production.INFO: start run LALeadWhatsappServicesInterakt  
[2026-05-11 21:15:04] production.INFO: start : running SA Lead Whatsapp command  
[2026-05-11 21:15:04] production.INFO: start run SALeadWhatsappServicesInterakt  
[2026-05-11 21:30:05] production.INFO: start : running LA Lead Whatsapp command  
[2026-05-11 21:30:05] production.INFO: start run LALeadWhatsappServicesInterakt  
[2026-05-11 21:30:05] production.INFO: start : running SA Lead Whatsapp command  
[2026-05-11 21:30:05] production.INFO: start run SALeadWhatsappServicesInterakt  
[2026-05-11 21:45:04] production.INFO: start : running LA Lead Whatsapp command  
[2026-05-11 21:45:04] production.INFO: start run LALeadWhatsappServicesInterakt  
[2026-05-11 21:45:05] production.INFO: start : running SA Lead Whatsapp command  
[2026-05-11 21:45:05] production.INFO: start run SALeadWhatsappServicesInterakt  
[2026-05-11 22:00:05] production.INFO: start : running LA Lead Whatsapp command  
[2026-05-11 22:00:05] production.INFO: start run LALeadWhatsappServicesInterakt  
[2026-05-11 22:00:07] production.INFO: start : running SA Lead Whatsapp command  
[2026-05-11 22:00:07] production.INFO: start run SALeadWhatsappServicesInterakt  
[2026-05-11 22:15:04] production.INFO: start : running LA Lead Whatsapp command  
[2026-05-11 22:15:04] production.INFO: start run LALeadWhatsappServicesInterakt  
[2026-05-11 22:15:05] production.INFO: start : running SA Lead Whatsapp command  
[2026-05-11 22:15:05] production.INFO: start run SALeadWhatsappServicesInterakt  
[2026-05-11 22:30:05] production.INFO: start : running LA Lead Whatsapp command  
[2026-05-11 22:30:05] production.INFO: start run LALeadWhatsappServicesInterakt  
[2026-05-11 22:30:05] production.INFO: start : running SA Lead Whatsapp command  
[2026-05-11 22:30:05] production.INFO: start run SALeadWhatsappServicesInterakt  
[2026-05-11 22:45:03] production.INFO: start : running LA Lead Whatsapp command  
[2026-05-11 22:45:03] production.INFO: start run LALeadWhatsappServicesInterakt  
[2026-05-11 22:45:04] production.INFO: start : running SA Lead Whatsapp command  
[2026-05-11 22:45:04] production.INFO: start run SALeadWhatsappServicesInterakt  
[2026-05-11 23:00:04] production.INFO: start : running LA Lead Whatsapp command  
[2026-05-11 23:00:04] production.INFO: start run LALeadWhatsappServicesInterakt  
[2026-05-11 23:00:04] production.INFO: start : running SA Lead Whatsapp command  
[2026-05-11 23:00:04] production.INFO: start run SALeadWhatsappServicesInterakt  
[2026-05-11 23:15:04] production.INFO: start : running LA Lead Whatsapp command  
[2026-05-11 23:15:04] production.INFO: start run LALeadWhatsappServicesInterakt  
[2026-05-11 23:15:04] production.INFO: start : running SA Lead Whatsapp command  
[2026-05-11 23:15:04] production.INFO: start run SALeadWhatsappServicesInterakt  
[2026-05-11 23:30:05] production.INFO: start : running LA Lead Whatsapp command  
[2026-05-11 23:30:05] production.INFO: start run LALeadWhatsappServicesInterakt  
[2026-05-11 23:30:05] production.INFO: start : running SA Lead Whatsapp command  
[2026-05-11 23:30:05] production.INFO: start run SALeadWhatsappServicesInterakt  
[2026-05-11 23:45:05] production.INFO: start : running LA Lead Whatsapp command  
[2026-05-11 23:45:05] production.INFO: start run LALeadWhatsappServicesInterakt  
[2026-05-11 23:45:05] production.INFO: start : running SA Lead Whatsapp command  
[2026-05-11 23:45:05] production.INFO: start run SALeadWhatsappServicesInterakt  
[2026-05-12 00:00:04] production.INFO: start : running LA Lead Whatsapp command  
[2026-05-12 00:00:04] production.INFO: start run LALeadWhatsappServicesInterakt  
[2026-05-12 00:00:04] production.INFO: start : running SA Lead Whatsapp command  
[2026-05-12 00:00:04] production.INFO: start run SALeadWhatsappServicesInterakt  
[2026-05-12 00:15:04] production.INFO: start : running LA Lead Whatsapp command  
[2026-05-12 00:15:04] production.INFO: start run LALeadWhatsappServicesInterakt  
[2026-05-12 00:15:04] production.INFO: start : running SA Lead Whatsapp command  
[2026-05-12 00:15:04] production.INFO: start run SALeadWhatsappServicesInterakt  
[2026-05-12 00:30:05] production.INFO: start : running LA Lead Whatsapp command  
[2026-05-12 00:30:05] production.INFO: start run LALeadWhatsappServicesInterakt  
[2026-05-12 00:30:05] production.INFO: start : running SA Lead Whatsapp command  
[2026-05-12 00:30:05] production.INFO: start run SALeadWhatsappServicesInterakt  
[2026-05-12 00:45:04] production.INFO: start : running LA Lead Whatsapp command  
[2026-05-12 00:45:04] production.INFO: start run LALeadWhatsappServicesInterakt  
[2026-05-12 00:45:04] production.INFO: start : running SA Lead Whatsapp command  
[2026-05-12 00:45:04] production.INFO: start run SALeadWhatsappServicesInterakt  
[2026-05-12 01:00:04] production.INFO: start : running LA Lead Whatsapp command  
[2026-05-12 01:00:04] production.INFO: start run LALeadWhatsappServicesInterakt  
[2026-05-12 01:00:05] production.INFO: start : running SA Lead Whatsapp command  
[2026-05-12 01:00:05] production.INFO: start run SALeadWhatsappServicesInterakt  
[2026-05-12 01:15:04] production.INFO: start : running LA Lead Whatsapp command  
[2026-05-12 01:15:04] production.INFO: start run LALeadWhatsappServicesInterakt  
[2026-05-12 01:15:04] production.INFO: start : running SA Lead Whatsapp command  
[2026-05-12 01:15:04] production.INFO: start run SALeadWhatsappServicesInterakt  
[2026-05-12 01:30:04] production.INFO: start : running LA Lead Whatsapp command  
[2026-05-12 01:30:04] production.INFO: start run LALeadWhatsappServicesInterakt  
[2026-05-12 01:30:05] production.INFO: start : running SA Lead Whatsapp command  
[2026-05-12 01:30:05] production.INFO: start run SALeadWhatsappServicesInterakt  
[2026-05-12 01:45:04] production.INFO: start : running LA Lead Whatsapp command  
[2026-05-12 01:45:04] production.INFO: start run LALeadWhatsappServicesInterakt  
[2026-05-12 01:45:04] production.INFO: start : running SA Lead Whatsapp command  
[2026-05-12 01:45:04] production.INFO: start run SALeadWhatsappServicesInterakt  
[2026-05-12 02:00:04] production.INFO: start : running LA Lead Whatsapp command  
[2026-05-12 02:00:04] production.INFO: start run LALeadWhatsappServicesInterakt  
[2026-05-12 02:00:04] production.INFO: start : running SA Lead Whatsapp command  
[2026-05-12 02:00:04] production.INFO: start run SALeadWhatsappServicesInterakt  
[2026-05-12 02:15:04] production.INFO: start : running LA Lead Whatsapp command  
[2026-05-12 02:15:04] production.INFO: start run LALeadWhatsappServicesInterakt  
[2026-05-12 02:15:04] production.INFO: start : running SA Lead Whatsapp command  
[2026-05-12 02:15:04] production.INFO: start run SALeadWhatsappServicesInterakt  
[2026-05-12 02:30:03] production.INFO: start : running LA Lead Whatsapp command  
[2026-05-12 02:30:03] production.INFO: start run LALeadWhatsappServicesInterakt  
[2026-05-12 02:30:04] production.INFO: start : running SA Lead Whatsapp command  
[2026-05-12 02:30:04] production.INFO: start run SALeadWhatsappServicesInterakt  
[2026-05-12 02:45:03] production.INFO: start : running LA Lead Whatsapp command  
[2026-05-12 02:45:03] production.INFO: start run LALeadWhatsappServicesInterakt  
[2026-05-12 02:45:03] production.INFO: start : running SA Lead Whatsapp command  
[2026-05-12 02:45:03] production.INFO: start run SALeadWhatsappServicesInterakt  
[2026-05-12 03:00:04] production.INFO: start : running LA Lead Whatsapp command  
[2026-05-12 03:00:04] production.INFO: start run LALeadWhatsappServicesInterakt  
[2026-05-12 03:00:04] production.INFO: start : running SA Lead Whatsapp command  
[2026-05-12 03:00:04] production.INFO: start run SALeadWhatsappServicesInterakt  
[2026-05-12 03:15:04] production.INFO: start : running LA Lead Whatsapp command  
[2026-05-12 03:15:04] production.INFO: start run LALeadWhatsappServicesInterakt  
[2026-05-12 03:15:04] production.INFO: start : running SA Lead Whatsapp command  
[2026-05-12 03:15:04] production.INFO: start run SALeadWhatsappServicesInterakt  
[2026-05-12 03:30:04] production.INFO: start : running LA Lead Whatsapp command  
[2026-05-12 03:30:04] production.INFO: start run LALeadWhatsappServicesInterakt  
[2026-05-12 03:30:05] production.INFO: start : running SA Lead Whatsapp command  
[2026-05-12 03:30:05] production.INFO: start run SALeadWhatsappServicesInterakt  
[2026-05-12 03:45:04] production.INFO: start : running LA Lead Whatsapp command  
[2026-05-12 03:45:04] production.INFO: start run LALeadWhatsappServicesInterakt  
[2026-05-12 03:45:04] production.INFO: start : running SA Lead Whatsapp command  
[2026-05-12 03:45:04] production.INFO: start run SALeadWhatsappServicesInterakt  
[2026-05-12 04:00:04] production.INFO: start : running LA Lead Whatsapp command  
[2026-05-12 04:00:04] production.INFO: start run LALeadWhatsappServicesInterakt  
[2026-05-12 04:00:04] production.INFO: start : running SA Lead Whatsapp command  
[2026-05-12 04:00:04] production.INFO: start run SALeadWhatsappServicesInterakt  
[2026-05-12 04:15:03] production.INFO: start : running LA Lead Whatsapp command  
[2026-05-12 04:15:03] production.INFO: start run LALeadWhatsappServicesInterakt  
[2026-05-12 04:15:04] production.INFO: start : running SA Lead Whatsapp command  
[2026-05-12 04:15:04] production.INFO: start run SALeadWhatsappServicesInterakt  
[2026-05-12 04:30:04] production.INFO: start : running LA Lead Whatsapp command  
[2026-05-12 04:30:04] production.INFO: start run LALeadWhatsappServicesInterakt  
[2026-05-12 04:30:05] production.INFO: start : running SA Lead Whatsapp command  
[2026-05-12 04:30:05] production.INFO: start run SALeadWhatsappServicesInterakt  
[2026-05-12 04:45:04] production.INFO: start : running LA Lead Whatsapp command  
[2026-05-12 04:45:04] production.INFO: start run LALeadWhatsappServicesInterakt  
[2026-05-12 04:45:04] production.INFO: start : running SA Lead Whatsapp command  
[2026-05-12 04:45:04] production.INFO: start run SALeadWhatsappServicesInterakt  
[2026-05-12 05:00:11] production.INFO: start : running LA Lead Whatsapp command  
[2026-05-12 05:00:11] production.INFO: start run LALeadWhatsappServicesInterakt  
[2026-05-12 05:00:11] production.INFO: start : running SA Lead Whatsapp command  
[2026-05-12 05:00:11] production.INFO: start run SALeadWhatsappServicesInterakt  
[2026-05-12 05:15:04] production.INFO: start : running LA Lead Whatsapp command  
[2026-05-12 05:15:04] production.INFO: start run LALeadWhatsappServicesInterakt  
[2026-05-12 05:15:04] production.INFO: start : running SA Lead Whatsapp command  
[2026-05-12 05:15:04] production.INFO: start run SALeadWhatsappServicesInterakt  
[2026-05-12 05:30:05] production.INFO: start : running LA Lead Whatsapp command  
[2026-05-12 05:30:05] production.INFO: start run LALeadWhatsappServicesInterakt  
[2026-05-12 05:30:05] production.INFO: start : running SA Lead Whatsapp command  
[2026-05-12 05:30:05] production.INFO: start run SALeadWhatsappServicesInterakt  
[2026-05-12 05:45:03] production.INFO: start : running LA Lead Whatsapp command  
[2026-05-12 05:45:03] production.INFO: start run LALeadWhatsappServicesInterakt  
[2026-05-12 05:45:04] production.INFO: start : running SA Lead Whatsapp command  
[2026-05-12 05:45:04] production.INFO: start run SALeadWhatsappServicesInterakt  
[2026-05-12 06:00:03] production.INFO: start : running LA Lead Whatsapp command  
[2026-05-12 06:00:03] production.INFO: start run LALeadWhatsappServicesInterakt  
[2026-05-12 06:00:04] production.INFO: start : running SA Lead Whatsapp command  
[2026-05-12 06:00:04] production.INFO: start run SALeadWhatsappServicesInterakt  
[2026-05-12 06:15:03] production.INFO: start : running LA Lead Whatsapp command  
[2026-05-12 06:15:03] production.INFO: start run LALeadWhatsappServicesInterakt  
[2026-05-12 06:15:03] production.INFO: start : running SA Lead Whatsapp command  
[2026-05-12 06:15:03] production.INFO: start run SALeadWhatsappServicesInterakt  
[2026-05-12 06:30:04] production.INFO: start : running LA Lead Whatsapp command  
[2026-05-12 06:30:04] production.INFO: start run LALeadWhatsappServicesInterakt  
[2026-05-12 06:30:04] production.INFO: start : running SA Lead Whatsapp command  
[2026-05-12 06:30:04] production.INFO: start run SALeadWhatsappServicesInterakt  
[2026-05-12 06:45:04] production.INFO: start : running LA Lead Whatsapp command  
[2026-05-12 06:45:04] production.INFO: start run LALeadWhatsappServicesInterakt  
[2026-05-12 06:45:04] production.INFO: start : running SA Lead Whatsapp command  
[2026-05-12 06:45:04] production.INFO: start run SALeadWhatsappServicesInterakt  
[2026-05-12 07:00:04] production.INFO: start : running LA Lead Whatsapp command  
[2026-05-12 07:00:04] production.INFO: start run LALeadWhatsappServicesInterakt  
[2026-05-12 07:00:04] production.INFO: start : running SA Lead Whatsapp command  
[2026-05-12 07:00:04] production.INFO: start run SALeadWhatsappServicesInterakt  
[2026-05-12 07:15:04] production.INFO: start : running LA Lead Whatsapp command  
[2026-05-12 07:15:04] production.INFO: start run LALeadWhatsappServicesInterakt  
[2026-05-12 07:15:04] production.INFO: start : running SA Lead Whatsapp command  
[2026-05-12 07:15:04] production.INFO: start run SALeadWhatsappServicesInterakt  
[2026-05-12 07:30:04] production.INFO: start : running LA Lead Whatsapp command  
[2026-05-12 07:30:04] production.INFO: start run LALeadWhatsappServicesInterakt  
[2026-05-12 07:30:05] production.INFO: start : running SA Lead Whatsapp command  
[2026-05-12 07:30:05] production.INFO: start run SALeadWhatsappServicesInterakt  
[2026-05-12 07:45:04] production.INFO: start : running LA Lead Whatsapp command  
[2026-05-12 07:45:04] production.INFO: start run LALeadWhatsappServicesInterakt  
[2026-05-12 07:45:04] production.INFO: start : running SA Lead Whatsapp command  
[2026-05-12 07:45:04] production.INFO: start run SALeadWhatsappServicesInterakt  
[2026-05-12 08:00:04] production.INFO: start : running LA Lead Whatsapp command  
[2026-05-12 08:00:04] production.INFO: start run LALeadWhatsappServicesInterakt  
[2026-05-12 08:00:04] production.INFO: start : running SA Lead Whatsapp command  
[2026-05-12 08:00:04] production.INFO: start run SALeadWhatsappServicesInterakt  
[2026-05-12 08:15:04] production.INFO: start : running LA Lead Whatsapp command  
[2026-05-12 08:15:04] production.INFO: start run LALeadWhatsappServicesInterakt  
[2026-05-12 08:15:04] production.INFO: start : running SA Lead Whatsapp command  
[2026-05-12 08:15:04] production.INFO: start run SALeadWhatsappServicesInterakt  
[2026-05-12 08:20:21] production.INFO: self apply send otp function error - Undefined array key "loan_type"  
[2026-05-12 08:24:25] production.INFO: self apply send otp function error - Undefined array key "loan_type"  
[2026-05-12 08:30:04] production.INFO: start : running LA Lead Whatsapp command  
[2026-05-12 08:30:04] production.INFO: start run LALeadWhatsappServicesInterakt  
[2026-05-12 08:30:04] production.INFO: start : running SA Lead Whatsapp command  
[2026-05-12 08:30:04] production.INFO: start run SALeadWhatsappServicesInterakt  
[2026-05-12 08:42:10] production.INFO: self apply send otp function error - Undefined array key "loan_type"  
[2026-05-12 08:45:04] production.INFO: start : running LA Lead Whatsapp command  
[2026-05-12 08:45:04] production.INFO: start run LALeadWhatsappServicesInterakt  
[2026-05-12 08:45:05] production.INFO: start : running SA Lead Whatsapp command  
[2026-05-12 08:45:05] production.INFO: start run SALeadWhatsappServicesInterakt  
[2026-05-12 09:00:04] production.INFO: start : running LA Lead Whatsapp command  
[2026-05-12 09:00:04] production.INFO: start run LALeadWhatsappServicesInterakt  
[2026-05-12 09:00:05] production.INFO: start : running SA Lead Whatsapp command  
[2026-05-12 09:00:05] production.INFO: start run SALeadWhatsappServicesInterakt  
[2026-05-12 09:01:58] production.INFO: self apply send otp function error - Undefined array key "loan_type"  
[2026-05-12 09:15:04] production.INFO: start : running LA Lead Whatsapp command  
[2026-05-12 09:15:04] production.INFO: start run LALeadWhatsappServicesInterakt  
[2026-05-12 09:15:04] production.INFO: start : running SA Lead Whatsapp command  
[2026-05-12 09:15:04] production.INFO: start run SALeadWhatsappServicesInterakt  
[2026-05-12 09:30:05] production.INFO: start : running LA Lead Whatsapp command  
[2026-05-12 09:30:05] production.INFO: start run LALeadWhatsappServicesInterakt  
[2026-05-12 09:30:05] production.INFO: start : running SA Lead Whatsapp command  
[2026-05-12 09:30:05] production.INFO: start run SALeadWhatsappServicesInterakt  
[2026-05-12 09:45:04] production.INFO: start : running LA Lead Whatsapp command  
[2026-05-12 09:45:04] production.INFO: start run LALeadWhatsappServicesInterakt  
[2026-05-12 09:45:04] production.INFO: start : running SA Lead Whatsapp command  
[2026-05-12 09:45:04] production.INFO: start run SALeadWhatsappServicesInterakt  
[2026-05-12 09:57:04] production.INFO: self apply send otp function error - Undefined array key "loan_type"  
[2026-05-12 10:00:04] production.INFO: start : running LA Lead Whatsapp command  
[2026-05-12 10:00:04] production.INFO: start run LALeadWhatsappServicesInterakt  
[2026-05-12 10:00:04] production.INFO: start : running SA Lead Whatsapp command  
[2026-05-12 10:00:04] production.INFO: start run SALeadWhatsappServicesInterakt  
[2026-05-12 10:15:04] production.INFO: start : running LA Lead Whatsapp command  
[2026-05-12 10:15:05] production.INFO: start run LALeadWhatsappServicesInterakt  
[2026-05-12 10:15:05] production.INFO: start : running SA Lead Whatsapp command  
[2026-05-12 10:15:05] production.INFO: start run SALeadWhatsappServicesInterakt  
[2026-05-12 10:37:06] production.ERROR: SQLSTATE[HY000] [1045] Access denied for user 'easyailo_quikborrow'@'localhost' (using password: YES) (Connection: mysql, SQL: select `content`, `status` from `info_pages` where `slug` = welcome-message limit 1) {"exception":"[object] (Illuminate\\Database\\QueryException(code: 1045): SQLSTATE[HY000] [1045] Access denied for user 'easyailo_quikborrow'@'localhost' (using password: YES) (Connection: mysql, SQL: select `content`, `status` from `info_pages` where `slug` = welcome-message limit 1) at D:/workplace/www/quikborrow/vendor/laravel/framework/src/Illuminate/Database/Connection.php:829)
[stacktrace]
#0 D:/workplace/www/quikborrow/vendor/laravel/framework/src/Illuminate/Database/Connection.php(783): Illuminate/Database/Connection->runQueryCallback('select `content...', Array, Object(Closure))
#1 D:/workplace/www/quikborrow/vendor/laravel/framework/src/Illuminate/Database/Connection.php(414): Illuminate/Database/Connection->run('select `content...', Array, Object(Closure))
#2 D:/workplace/www/quikborrow/vendor/laravel/framework/src/Illuminate/Database/Query/Builder.php(2913): Illuminate/Database/Connection->select('select `content...', Array, true)
#3 D:/workplace/www/quikborrow/vendor/laravel/framework/src/Illuminate/Database/Query/Builder.php(2902): Illuminate/Database/Query/Builder->runSelect()
#4 D:/workplace/www/quikborrow/vendor/laravel/framework/src/Illuminate/Database/Query/Builder.php(3456): Illuminate/Database/Query/Builder->Illuminate/Database/Query/{closure}()
#5 D:/workplace/www/quikborrow/vendor/laravel/framework/src/Illuminate/Database/Query/Builder.php(2901): Illuminate/Database/Query/Builder->onceWithColumns(Array, Object(Closure))
#6 D:/workplace/www/quikborrow/vendor/laravel/framework/src/Illuminate/Database/Eloquent/Builder.php(739): Illuminate/Database/Query/Builder->get(Array)
#7 D:/workplace/www/quikborrow/vendor/laravel/framework/src/Illuminate/Database/Eloquent/Builder.php(723): Illuminate/Database/Eloquent/Builder->getModels(Array)
#8 D:/workplace/www/quikborrow/vendor/laravel/framework/src/Illuminate/Database/Concerns/BuildsQueries.php(333): Illuminate/Database/Eloquent/Builder->get(Array)
#9 D:/workplace/www/quikborrow/app/Http/Controllers/HomeController.php(21): Illuminate/Database/Eloquent/Builder->first()
#10 D:/workplace/www/quikborrow/vendor/laravel/framework/src/Illuminate/Routing/Controller.php(54): App/Http/Controllers/HomeController->home()
#11 D:/workplace/www/quikborrow/vendor/laravel/framework/src/Illuminate/Routing/ControllerDispatcher.php(43): Illuminate/Routing/Controller->callAction('home', Array)
#12 D:/workplace/www/quikborrow/vendor/laravel/framework/src/Illuminate/Routing/Route.php(259): Illuminate/Routing/ControllerDispatcher->dispatch(Object(Illuminate/Routing/Route), Object(App/Http/Controllers/HomeController), 'home')
#13 D:/workplace/www/quikborrow/vendor/laravel/framework/src/Illuminate/Routing/Route.php(205): Illuminate/Routing/Route->runController()
#14 D:/workplace/www/quikborrow/vendor/laravel/framework/src/Illuminate/Routing/Router.php(806): Illuminate/Routing/Route->run()
#15 D:/workplace/www/quikborrow/vendor/laravel/framework/src/Illuminate/Pipeline/Pipeline.php(144): Illuminate/Routing/Router->Illuminate/Routing/{closure}(Object(Illuminate/Http/Request))
#16 D:/workplace/www/quikborrow/vendor/laravel/framework/src/Illuminate/Routing/Middleware/SubstituteBindings.php(50): Illuminate/Pipeline/Pipeline->Illuminate/Pipeline/{closure}(Object(Illuminate/Http/Request))
#17 D:/workplace/www/quikborrow/vendor/laravel/framework/src/Illuminate/Pipeline/Pipeline.php(183): Illuminate/Routing/Middleware/SubstituteBindings->handle(Object(Illuminate/Http/Request), Object(Closure))
#18 D:/workplace/www/quikborrow/vendor/laravel/framework/src/Illuminate/Foundation/Http/Middleware/VerifyCsrfToken.php(78): Illuminate/Pipeline/Pipeline->Illuminate/Pipeline/{closure}(Object(Illuminate/Http/Request))
#19 D:/workplace/www/quikborrow/vendor/laravel/framework/src/Illuminate/Pipeline/Pipeline.php(183): Illuminate/Foundation/Http/Middleware/VerifyCsrfToken->handle(Object(Illuminate/Http/Request), Object(Closure))
#20 D:/workplace/www/quikborrow/vendor/laravel/framework/src/Illuminate/View/Middleware/ShareErrorsFromSession.php(49): Illuminate/Pipeline/Pipeline->Illuminate/Pipeline/{closure}(Object(Illuminate/Http/Request))
#21 D:/workplace/www/quikborrow/vendor/laravel/framework/src/Illuminate/Pipeline/Pipeline.php(183): Illuminate/View/Middleware/ShareErrorsFromSession->handle(Object(Illuminate/Http/Request), Object(Closure))
#22 D:/workplace/www/quikborrow/vendor/laravel/framework/src/Illuminate/Session/Middleware/StartSession.php(121): Illuminate/Pipeline/Pipeline->Illuminate/Pipeline/{closure}(Object(Illuminate/Http/Request))
#23 D:/workplace/www/quikborrow/vendor/laravel/framework/src/Illuminate/Session/Middleware/StartSession.php(64): Illuminate/Session/Middleware/StartSession->handleStatefulRequest(Object(Illuminate/Http/Request), Object(Illuminate/Session/Store), Object(Closure))
#24 D:/workplace/www/quikborrow/vendor/laravel/framework/src/Illuminate/Pipeline/Pipeline.php(183): Illuminate/Session/Middleware/StartSession->handle(Object(Illuminate/Http/Request), Object(Closure))
#25 D:/workplace/www/quikborrow/vendor/laravel/framework/src/Illuminate/Cookie/Middleware/AddQueuedCookiesToResponse.php(37): Illuminate/Pipeline/Pipeline->Illuminate/Pipeline/{closure}(Object(Illuminate/Http/Request))
#26 D:/workplace/www/quikborrow/vendor/laravel/framework/src/Illuminate/Pipeline/Pipeline.php(183): Illuminate/Cookie/Middleware/AddQueuedCookiesToResponse->handle(Object(Illuminate/Http/Request), Object(Closure))
#27 D:/workplace/www/quikborrow/vendor/laravel/framework/src/Illuminate/Cookie/Middleware/EncryptCookies.php(67): Illuminate/Pipeline/Pipeline->Illuminate/Pipeline/{closure}(Object(Illuminate/Http/Request))
#28 D:/workplace/www/quikborrow/vendor/laravel/framework/src/Illuminate/Pipeline/Pipeline.php(183): Illuminate/Cookie/Middleware/EncryptCookies->handle(Object(Illuminate/Http/Request), Object(Closure))
#29 D:/workplace/www/quikborrow/vendor/laravel/framework/src/Illuminate/Pipeline/Pipeline.php(119): Illuminate/Pipeline/Pipeline->Illuminate/Pipeline/{closure}(Object(Illuminate/Http/Request))
#30 D:/workplace/www/quikborrow/vendor/laravel/framework/src/Illuminate/Routing/Router.php(805): Illuminate/Pipeline/Pipeline->then(Object(Closure))
#31 D:/workplace/www/quikborrow/vendor/laravel/framework/src/Illuminate/Routing/Router.php(784): Illuminate/Routing/Router->runRouteWithinStack(Object(Illuminate/Routing/Route), Object(Illuminate/Http/Request))
#32 D:/workplace/www/quikborrow/vendor/laravel/framework/src/Illuminate/Routing/Router.php(748): Illuminate/Routing/Router->runRoute(Object(Illuminate/Http/Request), Object(Illuminate/Routing/Route))
#33 D:/workplace/www/quikborrow/vendor/laravel/framework/src/Illuminate/Routing/Router.php(737): Illuminate/Routing/Router->dispatchToRoute(Object(Illuminate/Http/Request))
#34 D:/workplace/www/quikborrow/vendor/laravel/framework/src/Illuminate/Foundation/Http/Kernel.php(200): Illuminate/Routing/Router->dispatch(Object(Illuminate/Http/Request))
#35 D:/workplace/www/quikborrow/vendor/laravel/framework/src/Illuminate/Pipeline/Pipeline.php(144): Illuminate/Foundation/Http/Kernel->Illuminate/Foundation/Http/{closure}(Object(Illuminate/Http/Request))
#36 D:/workplace/www/quikborrow/vendor/laravel/framework/src/Illuminate/Foundation/Http/Middleware/TransformsRequest.php(21): Illuminate/Pipeline/Pipeline->Illuminate/Pipeline/{closure}(Object(Illuminate/Http/Request))
#37 D:/workplace/www/quikborrow/vendor/laravel/framework/src/Illuminate/Foundation/Http/Middleware/ConvertEmptyStringsToNull.php(31): Illuminate/Foundation/Http/Middleware/TransformsRequest->handle(Object(Illuminate/Http/Request), Object(Closure))
#38 D:/workplace/www/quikborrow/vendor/laravel/framework/src/Illuminate/Pipeline/Pipeline.php(183): Illuminate/Foundation/Http/Middleware/ConvertEmptyStringsToNull->handle(Object(Illuminate/Http/Request), Object(Closure))
#39 D:/workplace/www/quikborrow/vendor/laravel/framework/src/Illuminate/Foundation/Http/Middleware/TransformsRequest.php(21): Illuminate/Pipeline/Pipeline->Illuminate/Pipeline/{closure}(Object(Illuminate/Http/Request))
#40 D:/workplace/www/quikborrow/vendor/laravel/framework/src/Illuminate/Foundation/Http/Middleware/TrimStrings.php(40): Illuminate/Foundation/Http/Middleware/TransformsRequest->handle(Object(Illuminate/Http/Request), Object(Closure))
#41 D:/workplace/www/quikborrow/vendor/laravel/framework/src/Illuminate/Pipeline/Pipeline.php(183): Illuminate/Foundation/Http/Middleware/TrimStrings->handle(Object(Illuminate/Http/Request), Object(Closure))
#42 D:/workplace/www/quikborrow/vendor/laravel/framework/src/Illuminate/Foundation/Http/Middleware/ValidatePostSize.php(27): Illuminate/Pipeline/Pipeline->Illuminate/Pipeline/{closure}(Object(Illuminate/Http/Request))
#43 D:/workplace/www/quikborrow/vendor/laravel/framework/src/Illuminate/Pipeline/Pipeline.php(183): Illuminate/Foundation/Http/Middleware/ValidatePostSize->handle(Object(Illuminate/Http/Request), Object(Closure))
#44 D:/workplace/www/quikborrow/vendor/laravel/framework/src/Illuminate/Foundation/Http/Middleware/PreventRequestsDuringMaintenance.php(99): Illuminate/Pipeline/Pipeline->Illuminate/Pipeline/{closure}(Object(Illuminate/Http/Request))
#45 D:/workplace/www/quikborrow/vendor/laravel/framework/src/Illuminate/Pipeline/Pipeline.php(183): Illuminate/Foundation/Http/Middleware/PreventRequestsDuringMaintenance->handle(Object(Illuminate/Http/Request), Object(Closure))
#46 D:/workplace/www/quikborrow/vendor/laravel/framework/src/Illuminate/Http/Middleware/HandleCors.php(49): Illuminate/Pipeline/Pipeline->Illuminate/Pipeline/{closure}(Object(Illuminate/Http/Request))
#47 D:/workplace/www/quikborrow/vendor/laravel/framework/src/Illuminate/Pipeline/Pipeline.php(183): Illuminate/Http/Middleware/HandleCors->handle(Object(Illuminate/Http/Request), Object(Closure))
#48 D:/workplace/www/quikborrow/vendor/laravel/framework/src/Illuminate/Http/Middleware/TrustProxies.php(39): Illuminate/Pipeline/Pipeline->Illuminate/Pipeline/{closure}(Object(Illuminate/Http/Request))
#49 D:/workplace/www/quikborrow/vendor/laravel/framework/src/Illuminate/Pipeline/Pipeline.php(183): Illuminate/Http/Middleware/TrustProxies->handle(Object(Illuminate/Http/Request), Object(Closure))
#50 D:/workplace/www/quikborrow/vendor/laravel/framework/src/Illuminate/Pipeline/Pipeline.php(119): Illuminate/Pipeline/Pipeline->Illuminate/Pipeline/{closure}(Object(Illuminate/Http/Request))
#51 D:/workplace/www/quikborrow/vendor/laravel/framework/src/Illuminate/Foundation/Http/Kernel.php(175): Illuminate/Pipeline/Pipeline->then(Object(Closure))
#52 D:/workplace/www/quikborrow/vendor/laravel/framework/src/Illuminate/Foundation/Http/Kernel.php(144): Illuminate/Foundation/Http/Kernel->sendRequestThroughRouter(Object(Illuminate/Http/Request))
#53 D:/workplace/www/quikborrow/public/index.php(51): Illuminate/Foundation/Http/Kernel->handle(Object(Illuminate/Http/Request))
#54 D:/workplace/www/quikborrow/server.php(21): require_once('D://workplace//ww...')
#55 {main}

[previous exception] [object] (PDOException(code: 1045): SQLSTATE[HY000] [1045] Access denied for user 'easyailo_quikborrow'@'localhost' (using password: YES) at D:/workplace/www/quikborrow/vendor/laravel/framework/src/Illuminate/Database/Connectors/Connector.php:65)
[stacktrace]
#0 D:/workplace/www/quikborrow/vendor/laravel/framework/src/Illuminate/Database/Connectors/Connector.php(65): PDO->__construct('mysql:host=127....', 'easyailo_easyai...', Object(SensitiveParameterValue), Array)
#1 D:/workplace/www/quikborrow/vendor/laravel/framework/src/Illuminate/Database/Connectors/Connector.php(44): Illuminate/Database/Connectors/Connector->createPdoConnection('mysql:host=127....', 'easyailo_easyai...', '6-F8{c2hPo.J)mc...', Array)
#2 D:/workplace/www/quikborrow/vendor/laravel/framework/src/Illuminate/Database/Connectors/MySqlConnector.php(24): Illuminate/Database/Connectors/Connector->createConnection('mysql:host=127....', Array, Array)
#3 D:/workplace/www/quikborrow/vendor/laravel/framework/src/Illuminate/Database/Connectors/ConnectionFactory.php(184): Illuminate/Database/Connectors/MySqlConnector->connect(Array)
#4 [internal function]: Illuminate/Database/Connectors/ConnectionFactory->Illuminate/Database/Connectors/{closure}()
#5 D:/workplace/www/quikborrow/vendor/laravel/framework/src/Illuminate/Database/Connection.php(1339): call_user_func(Object(Closure))
#6 D:/workplace/www/quikborrow/vendor/laravel/framework/src/Illuminate/Database/Connection.php(1375): Illuminate/Database/Connection->getPdo()
#7 D:/workplace/www/quikborrow/vendor/laravel/framework/src/Illuminate/Database/Connection.php(528): Illuminate/Database/Connection->getReadPdo()
#8 D:/workplace/www/quikborrow/vendor/laravel/framework/src/Illuminate/Database/Connection.php(423): Illuminate/Database/Connection->getPdoForSelect(true)
#9 D:/workplace/www/quikborrow/vendor/laravel/framework/src/Illuminate/Database/Connection.php(816): Illuminate/Database/Connection->Illuminate/Database/{closure}('select `content...', Array)
#10 D:/workplace/www/quikborrow/vendor/laravel/framework/src/Illuminate/Database/Connection.php(783): Illuminate/Database/Connection->runQueryCallback('select `content...', Array, Object(Closure))
#11 D:/workplace/www/quikborrow/vendor/laravel/framework/src/Illuminate/Database/Connection.php(414): Illuminate/Database/Connection->run('select `content...', Array, Object(Closure))
#12 D:/workplace/www/quikborrow/vendor/laravel/framework/src/Illuminate/Database/Query/Builder.php(2913): Illuminate/Database/Connection->select('select `content...', Array, true)
#13 D:/workplace/www/quikborrow/vendor/laravel/framework/src/Illuminate/Database/Query/Builder.php(2902): Illuminate/Database/Query/Builder->runSelect()
#14 D:/workplace/www/quikborrow/vendor/laravel/framework/src/Illuminate/Database/Query/Builder.php(3456): Illuminate/Database/Query/Builder->Illuminate/Database/Query/{closure}()
#15 D:/workplace/www/quikborrow/vendor/laravel/framework/src/Illuminate/Database/Query/Builder.php(2901): Illuminate/Database/Query/Builder->onceWithColumns(Array, Object(Closure))
#16 D:/workplace/www/quikborrow/vendor/laravel/framework/src/Illuminate/Database/Eloquent/Builder.php(739): Illuminate/Database/Query/Builder->get(Array)
#17 D:/workplace/www/quikborrow/vendor/laravel/framework/src/Illuminate/Database/Eloquent/Builder.php(723): Illuminate/Database/Eloquent/Builder->getModels(Array)
#18 D:/workplace/www/quikborrow/vendor/laravel/framework/src/Illuminate/Database/Concerns/BuildsQueries.php(333): Illuminate/Database/Eloquent/Builder->get(Array)
#19 D:/workplace/www/quikborrow/app/Http/Controllers/HomeController.php(21): Illuminate/Database/Eloquent/Builder->first()
#20 D:/workplace/www/quikborrow/vendor/laravel/framework/src/Illuminate/Routing/Controller.php(54): App/Http/Controllers/HomeController->home()
#21 D:/workplace/www/quikborrow/vendor/laravel/framework/src/Illuminate/Routing/ControllerDispatcher.php(43): Illuminate/Routing/Controller->callAction('home', Array)
#22 D:/workplace/www/quikborrow/vendor/laravel/framework/src/Illuminate/Routing/Route.php(259): Illuminate/Routing/ControllerDispatcher->dispatch(Object(Illuminate/Routing/Route), Object(App/Http/Controllers/HomeController), 'home')
#23 D:/workplace/www/quikborrow/vendor/laravel/framework/src/Illuminate/Routing/Route.php(205): Illuminate/Routing/Route->runController()
#24 D:/workplace/www/quikborrow/vendor/laravel/framework/src/Illuminate/Routing/Router.php(806): Illuminate/Routing/Route->run()
#25 D:/workplace/www/quikborrow/vendor/laravel/framework/src/Illuminate/Pipeline/Pipeline.php(144): Illuminate/Routing/Router->Illuminate/Routing/{closure}(Object(Illuminate/Http/Request))
#26 D:/workplace/www/quikborrow/vendor/laravel/framework/src/Illuminate/Routing/Middleware/SubstituteBindings.php(50): Illuminate/Pipeline/Pipeline->Illuminate/Pipeline/{closure}(Object(Illuminate/Http/Request))
#27 D:/workplace/www/quikborrow/vendor/laravel/framework/src/Illuminate/Pipeline/Pipeline.php(183): Illuminate/Routing/Middleware/SubstituteBindings->handle(Object(Illuminate/Http/Request), Object(Closure))
#28 D:/workplace/www/quikborrow/vendor/laravel/framework/src/Illuminate/Foundation/Http/Middleware/VerifyCsrfToken.php(78): Illuminate/Pipeline/Pipeline->Illuminate/Pipeline/{closure}(Object(Illuminate/Http/Request))
#29 D:/workplace/www/quikborrow/vendor/laravel/framework/src/Illuminate/Pipeline/Pipeline.php(183): Illuminate/Foundation/Http/Middleware/VerifyCsrfToken->handle(Object(Illuminate/Http/Request), Object(Closure))
#30 D:/workplace/www/quikborrow/vendor/laravel/framework/src/Illuminate/View/Middleware/ShareErrorsFromSession.php(49): Illuminate/Pipeline/Pipeline->Illuminate/Pipeline/{closure}(Object(Illuminate/Http/Request))
#31 D:/workplace/www/quikborrow/vendor/laravel/framework/src/Illuminate/Pipeline/Pipeline.php(183): Illuminate/View/Middleware/ShareErrorsFromSession->handle(Object(Illuminate/Http/Request), Object(Closure))
#32 D:/workplace/www/quikborrow/vendor/laravel/framework/src/Illuminate/Session/Middleware/StartSession.php(121): Illuminate/Pipeline/Pipeline->Illuminate/Pipeline/{closure}(Object(Illuminate/Http/Request))
#33 D:/workplace/www/quikborrow/vendor/laravel/framework/src/Illuminate/Session/Middleware/StartSession.php(64): Illuminate/Session/Middleware/StartSession->handleStatefulRequest(Object(Illuminate/Http/Request), Object(Illuminate/Session/Store), Object(Closure))
#34 D:/workplace/www/quikborrow/vendor/laravel/framework/src/Illuminate/Pipeline/Pipeline.php(183): Illuminate/Session/Middleware/StartSession->handle(Object(Illuminate/Http/Request), Object(Closure))
#35 D:/workplace/www/quikborrow/vendor/laravel/framework/src/Illuminate/Cookie/Middleware/AddQueuedCookiesToResponse.php(37): Illuminate/Pipeline/Pipeline->Illuminate/Pipeline/{closure}(Object(Illuminate/Http/Request))
#36 D:/workplace/www/quikborrow/vendor/laravel/framework/src/Illuminate/Pipeline/Pipeline.php(183): Illuminate/Cookie/Middleware/AddQueuedCookiesToResponse->handle(Object(Illuminate/Http/Request), Object(Closure))
#37 D:/workplace/www/quikborrow/vendor/laravel/framework/src/Illuminate/Cookie/Middleware/EncryptCookies.php(67): Illuminate/Pipeline/Pipeline->Illuminate/Pipeline/{closure}(Object(Illuminate/Http/Request))
#38 D:/workplace/www/quikborrow/vendor/laravel/framework/src/Illuminate/Pipeline/Pipeline.php(183): Illuminate/Cookie/Middleware/EncryptCookies->handle(Object(Illuminate/Http/Request), Object(Closure))
#39 D:/workplace/www/quikborrow/vendor/laravel/framework/src/Illuminate/Pipeline/Pipeline.php(119): Illuminate/Pipeline/Pipeline->Illuminate/Pipeline/{closure}(Object(Illuminate/Http/Request))
#40 D:/workplace/www/quikborrow/vendor/laravel/framework/src/Illuminate/Routing/Router.php(805): Illuminate/Pipeline/Pipeline->then(Object(Closure))
#41 D:/workplace/www/quikborrow/vendor/laravel/framework/src/Illuminate/Routing/Router.php(784): Illuminate/Routing/Router->runRouteWithinStack(Object(Illuminate/Routing/Route), Object(Illuminate/Http/Request))
#42 D:/workplace/www/quikborrow/vendor/laravel/framework/src/Illuminate/Routing/Router.php(748): Illuminate/Routing/Router->runRoute(Object(Illuminate/Http/Request), Object(Illuminate/Routing/Route))
#43 D:/workplace/www/quikborrow/vendor/laravel/framework/src/Illuminate/Routing/Router.php(737): Illuminate/Routing/Router->dispatchToRoute(Object(Illuminate/Http/Request))
#44 D:/workplace/www/quikborrow/vendor/laravel/framework/src/Illuminate/Foundation/Http/Kernel.php(200): Illuminate/Routing/Router->dispatch(Object(Illuminate/Http/Request))
#45 D:/workplace/www/quikborrow/vendor/laravel/framework/src/Illuminate/Pipeline/Pipeline.php(144): Illuminate/Foundation/Http/Kernel->Illuminate/Foundation/Http/{closure}(Object(Illuminate/Http/Request))
#46 D:/workplace/www/quikborrow/vendor/laravel/framework/src/Illuminate/Foundation/Http/Middleware/TransformsRequest.php(21): Illuminate/Pipeline/Pipeline->Illuminate/Pipeline/{closure}(Object(Illuminate/Http/Request))
#47 D:/workplace/www/quikborrow/vendor/laravel/framework/src/Illuminate/Foundation/Http/Middleware/ConvertEmptyStringsToNull.php(31): Illuminate/Foundation/Http/Middleware/TransformsRequest->handle(Object(Illuminate/Http/Request), Object(Closure))
#48 D:/workplace/www/quikborrow/vendor/laravel/framework/src/Illuminate/Pipeline/Pipeline.php(183): Illuminate/Foundation/Http/Middleware/ConvertEmptyStringsToNull->handle(Object(Illuminate/Http/Request), Object(Closure))
#49 D:/workplace/www/quikborrow/vendor/laravel/framework/src/Illuminate/Foundation/Http/Middleware/TransformsRequest.php(21): Illuminate/Pipeline/Pipeline->Illuminate/Pipeline/{closure}(Object(Illuminate/Http/Request))
#50 D:/workplace/www/quikborrow/vendor/laravel/framework/src/Illuminate/Foundation/Http/Middleware/TrimStrings.php(40): Illuminate/Foundation/Http/Middleware/TransformsRequest->handle(Object(Illuminate/Http/Request), Object(Closure))
#51 D:/workplace/www/quikborrow/vendor/laravel/framework/src/Illuminate/Pipeline/Pipeline.php(183): Illuminate/Foundation/Http/Middleware/TrimStrings->handle(Object(Illuminate/Http/Request), Object(Closure))
#52 D:/workplace/www/quikborrow/vendor/laravel/framework/src/Illuminate/Foundation/Http/Middleware/ValidatePostSize.php(27): Illuminate/Pipeline/Pipeline->Illuminate/Pipeline/{closure}(Object(Illuminate/Http/Request))
#53 D:/workplace/www/quikborrow/vendor/laravel/framework/src/Illuminate/Pipeline/Pipeline.php(183): Illuminate/Foundation/Http/Middleware/ValidatePostSize->handle(Object(Illuminate/Http/Request), Object(Closure))
#54 D:/workplace/www/quikborrow/vendor/laravel/framework/src/Illuminate/Foundation/Http/Middleware/PreventRequestsDuringMaintenance.php(99): Illuminate/Pipeline/Pipeline->Illuminate/Pipeline/{closure}(Object(Illuminate/Http/Request))
#55 D:/workplace/www/quikborrow/vendor/laravel/framework/src/Illuminate/Pipeline/Pipeline.php(183): Illuminate/Foundation/Http/Middleware/PreventRequestsDuringMaintenance->handle(Object(Illuminate/Http/Request), Object(Closure))
#56 D:/workplace/www/quikborrow/vendor/laravel/framework/src/Illuminate/Http/Middleware/HandleCors.php(49): Illuminate/Pipeline/Pipeline->Illuminate/Pipeline/{closure}(Object(Illuminate/Http/Request))
#57 D:/workplace/www/quikborrow/vendor/laravel/framework/src/Illuminate/Pipeline/Pipeline.php(183): Illuminate/Http/Middleware/HandleCors->handle(Object(Illuminate/Http/Request), Object(Closure))
#58 D:/workplace/www/quikborrow/vendor/laravel/framework/src/Illuminate/Http/Middleware/TrustProxies.php(39): Illuminate/Pipeline/Pipeline->Illuminate/Pipeline/{closure}(Object(Illuminate/Http/Request))
#59 D:/workplace/www/quikborrow/vendor/laravel/framework/src/Illuminate/Pipeline/Pipeline.php(183): Illuminate/Http/Middleware/TrustProxies->handle(Object(Illuminate/Http/Request), Object(Closure))
#60 D:/workplace/www/quikborrow/vendor/laravel/framework/src/Illuminate/Pipeline/Pipeline.php(119): Illuminate/Pipeline/Pipeline->Illuminate/Pipeline/{closure}(Object(Illuminate/Http/Request))
#61 D:/workplace/www/quikborrow/vendor/laravel/framework/src/Illuminate/Foundation/Http/Kernel.php(175): Illuminate/Pipeline/Pipeline->then(Object(Closure))
#62 D:/workplace/www/quikborrow/vendor/laravel/framework/src/Illuminate/Foundation/Http/Kernel.php(144): Illuminate/Foundation/Http/Kernel->sendRequestThroughRouter(Object(Illuminate/Http/Request))
#63 D:/workplace/www/quikborrow/public/index.php(51): Illuminate/Foundation/Http/Kernel->handle(Object(Illuminate/Http/Request))
#64 D:/workplace/www/quikborrow/server.php(21): require_once('D://workplace//ww...')
#65 {main}
"} 
[2026-05-12 10:37:07] production.ERROR: SQLSTATE[HY000] [1045] Access denied for user 'easyailo_quikborrow'@'localhost' (using password: YES) (Connection: mysql, SQL: select `content`, `status` from `info_pages` where `slug` = welcome-message limit 1) {"exception":"[object] (Illuminate\\Database\\QueryException(code: 1045): SQLSTATE[HY000] [1045] Access denied for user 'easyailo_quikborrow'@'localhost' (using password: YES) (Connection: mysql, SQL: select `content`, `status` from `info_pages` where `slug` = welcome-message limit 1) at D:/workplace/www/quikborrow/vendor/laravel/framework/src/Illuminate/Database/Connection.php:829)
[stacktrace]
#0 D:/workplace/www/quikborrow/vendor/laravel/framework/src/Illuminate/Database/Connection.php(783): Illuminate/Database/Connection->runQueryCallback('select `content...', Array, Object(Closure))
#1 D:/workplace/www/quikborrow/vendor/laravel/framework/src/Illuminate/Database/Connection.php(414): Illuminate/Database/Connection->run('select `content...', Array, Object(Closure))
#2 D:/workplace/www/quikborrow/vendor/laravel/framework/src/Illuminate/Database/Query/Builder.php(2913): Illuminate/Database/Connection->select('select `content...', Array, true)
#3 D:/workplace/www/quikborrow/vendor/laravel/framework/src/Illuminate/Database/Query/Builder.php(2902): Illuminate/Database/Query/Builder->runSelect()
#4 D:/workplace/www/quikborrow/vendor/laravel/framework/src/Illuminate/Database/Query/Builder.php(3456): Illuminate/Database/Query/Builder->Illuminate/Database/Query/{closure}()
#5 D:/workplace/www/quikborrow/vendor/laravel/framework/src/Illuminate/Database/Query/Builder.php(2901): Illuminate/Database/Query/Builder->onceWithColumns(Array, Object(Closure))
#6 D:/workplace/www/quikborrow/vendor/laravel/framework/src/Illuminate/Database/Eloquent/Builder.php(739): Illuminate/Database/Query/Builder->get(Array)
#7 D:/workplace/www/quikborrow/vendor/laravel/framework/src/Illuminate/Database/Eloquent/Builder.php(723): Illuminate/Database/Eloquent/Builder->getModels(Array)
#8 D:/workplace/www/quikborrow/vendor/laravel/framework/src/Illuminate/Database/Concerns/BuildsQueries.php(333): Illuminate/Database/Eloquent/Builder->get(Array)
#9 D:/workplace/www/quikborrow/app/Http/Controllers/HomeController.php(21): Illuminate/Database/Eloquent/Builder->first()
#10 D:/workplace/www/quikborrow/vendor/laravel/framework/src/Illuminate/Routing/Controller.php(54): App/Http/Controllers/HomeController->home()
#11 D:/workplace/www/quikborrow/vendor/laravel/framework/src/Illuminate/Routing/ControllerDispatcher.php(43): Illuminate/Routing/Controller->callAction('home', Array)
#12 D:/workplace/www/quikborrow/vendor/laravel/framework/src/Illuminate/Routing/Route.php(259): Illuminate/Routing/ControllerDispatcher->dispatch(Object(Illuminate/Routing/Route), Object(App/Http/Controllers/HomeController), 'home')
#13 D:/workplace/www/quikborrow/vendor/laravel/framework/src/Illuminate/Routing/Route.php(205): Illuminate/Routing/Route->runController()
#14 D:/workplace/www/quikborrow/vendor/laravel/framework/src/Illuminate/Routing/Router.php(806): Illuminate/Routing/Route->run()
#15 D:/workplace/www/quikborrow/vendor/laravel/framework/src/Illuminate/Pipeline/Pipeline.php(144): Illuminate/Routing/Router->Illuminate/Routing/{closure}(Object(Illuminate/Http/Request))
#16 D:/workplace/www/quikborrow/vendor/laravel/framework/src/Illuminate/Routing/Middleware/SubstituteBindings.php(50): Illuminate/Pipeline/Pipeline->Illuminate/Pipeline/{closure}(Object(Illuminate/Http/Request))
#17 D:/workplace/www/quikborrow/vendor/laravel/framework/src/Illuminate/Pipeline/Pipeline.php(183): Illuminate/Routing/Middleware/SubstituteBindings->handle(Object(Illuminate/Http/Request), Object(Closure))
#18 D:/workplace/www/quikborrow/vendor/laravel/framework/src/Illuminate/Foundation/Http/Middleware/VerifyCsrfToken.php(78): Illuminate/Pipeline/Pipeline->Illuminate/Pipeline/{closure}(Object(Illuminate/Http/Request))
#19 D:/workplace/www/quikborrow/vendor/laravel/framework/src/Illuminate/Pipeline/Pipeline.php(183): Illuminate/Foundation/Http/Middleware/VerifyCsrfToken->handle(Object(Illuminate/Http/Request), Object(Closure))
#20 D:/workplace/www/quikborrow/vendor/laravel/framework/src/Illuminate/View/Middleware/ShareErrorsFromSession.php(49): Illuminate/Pipeline/Pipeline->Illuminate/Pipeline/{closure}(Object(Illuminate/Http/Request))
#21 D:/workplace/www/quikborrow/vendor/laravel/framework/src/Illuminate/Pipeline/Pipeline.php(183): Illuminate/View/Middleware/ShareErrorsFromSession->handle(Object(Illuminate/Http/Request), Object(Closure))
#22 D:/workplace/www/quikborrow/vendor/laravel/framework/src/Illuminate/Session/Middleware/StartSession.php(121): Illuminate/Pipeline/Pipeline->Illuminate/Pipeline/{closure}(Object(Illuminate/Http/Request))
#23 D:/workplace/www/quikborrow/vendor/laravel/framework/src/Illuminate/Session/Middleware/StartSession.php(64): Illuminate/Session/Middleware/StartSession->handleStatefulRequest(Object(Illuminate/Http/Request), Object(Illuminate/Session/Store), Object(Closure))
#24 D:/workplace/www/quikborrow/vendor/laravel/framework/src/Illuminate/Pipeline/Pipeline.php(183): Illuminate/Session/Middleware/StartSession->handle(Object(Illuminate/Http/Request), Object(Closure))
#25 D:/workplace/www/quikborrow/vendor/laravel/framework/src/Illuminate/Cookie/Middleware/AddQueuedCookiesToResponse.php(37): Illuminate/Pipeline/Pipeline->Illuminate/Pipeline/{closure}(Object(Illuminate/Http/Request))
#26 D:/workplace/www/quikborrow/vendor/laravel/framework/src/Illuminate/Pipeline/Pipeline.php(183): Illuminate/Cookie/Middleware/AddQueuedCookiesToResponse->handle(Object(Illuminate/Http/Request), Object(Closure))
#27 D:/workplace/www/quikborrow/vendor/laravel/framework/src/Illuminate/Cookie/Middleware/EncryptCookies.php(67): Illuminate/Pipeline/Pipeline->Illuminate/Pipeline/{closure}(Object(Illuminate/Http/Request))
#28 D:/workplace/www/quikborrow/vendor/laravel/framework/src/Illuminate/Pipeline/Pipeline.php(183): Illuminate/Cookie/Middleware/EncryptCookies->handle(Object(Illuminate/Http/Request), Object(Closure))
#29 D:/workplace/www/quikborrow/vendor/laravel/framework/src/Illuminate/Pipeline/Pipeline.php(119): Illuminate/Pipeline/Pipeline->Illuminate/Pipeline/{closure}(Object(Illuminate/Http/Request))
#30 D:/workplace/www/quikborrow/vendor/laravel/framework/src/Illuminate/Routing/Router.php(805): Illuminate/Pipeline/Pipeline->then(Object(Closure))
#31 D:/workplace/www/quikborrow/vendor/laravel/framework/src/Illuminate/Routing/Router.php(784): Illuminate/Routing/Router->runRouteWithinStack(Object(Illuminate/Routing/Route), Object(Illuminate/Http/Request))
#32 D:/workplace/www/quikborrow/vendor/laravel/framework/src/Illuminate/Routing/Router.php(748): Illuminate/Routing/Router->runRoute(Object(Illuminate/Http/Request), Object(Illuminate/Routing/Route))
#33 D:/workplace/www/quikborrow/vendor/laravel/framework/src/Illuminate/Routing/Router.php(737): Illuminate/Routing/Router->dispatchToRoute(Object(Illuminate/Http/Request))
#34 D:/workplace/www/quikborrow/vendor/laravel/framework/src/Illuminate/Foundation/Http/Kernel.php(200): Illuminate/Routing/Router->dispatch(Object(Illuminate/Http/Request))
#35 D:/workplace/www/quikborrow/vendor/laravel/framework/src/Illuminate/Pipeline/Pipeline.php(144): Illuminate/Foundation/Http/Kernel->Illuminate/Foundation/Http/{closure}(Object(Illuminate/Http/Request))
#36 D:/workplace/www/quikborrow/vendor/laravel/framework/src/Illuminate/Foundation/Http/Middleware/TransformsRequest.php(21): Illuminate/Pipeline/Pipeline->Illuminate/Pipeline/{closure}(Object(Illuminate/Http/Request))
#37 D:/workplace/www/quikborrow/vendor/laravel/framework/src/Illuminate/Foundation/Http/Middleware/ConvertEmptyStringsToNull.php(31): Illuminate/Foundation/Http/Middleware/TransformsRequest->handle(Object(Illuminate/Http/Request), Object(Closure))
#38 D:/workplace/www/quikborrow/vendor/laravel/framework/src/Illuminate/Pipeline/Pipeline.php(183): Illuminate/Foundation/Http/Middleware/ConvertEmptyStringsToNull->handle(Object(Illuminate/Http/Request), Object(Closure))
#39 D:/workplace/www/quikborrow/vendor/laravel/framework/src/Illuminate/Foundation/Http/Middleware/TransformsRequest.php(21): Illuminate/Pipeline/Pipeline->Illuminate/Pipeline/{closure}(Object(Illuminate/Http/Request))
#40 D:/workplace/www/quikborrow/vendor/laravel/framework/src/Illuminate/Foundation/Http/Middleware/TrimStrings.php(40): Illuminate/Foundation/Http/Middleware/TransformsRequest->handle(Object(Illuminate/Http/Request), Object(Closure))
#41 D:/workplace/www/quikborrow/vendor/laravel/framework/src/Illuminate/Pipeline/Pipeline.php(183): Illuminate/Foundation/Http/Middleware/TrimStrings->handle(Object(Illuminate/Http/Request), Object(Closure))
#42 D:/workplace/www/quikborrow/vendor/laravel/framework/src/Illuminate/Foundation/Http/Middleware/ValidatePostSize.php(27): Illuminate/Pipeline/Pipeline->Illuminate/Pipeline/{closure}(Object(Illuminate/Http/Request))
#43 D:/workplace/www/quikborrow/vendor/laravel/framework/src/Illuminate/Pipeline/Pipeline.php(183): Illuminate/Foundation/Http/Middleware/ValidatePostSize->handle(Object(Illuminate/Http/Request), Object(Closure))
#44 D:/workplace/www/quikborrow/vendor/laravel/framework/src/Illuminate/Foundation/Http/Middleware/PreventRequestsDuringMaintenance.php(99): Illuminate/Pipeline/Pipeline->Illuminate/Pipeline/{closure}(Object(Illuminate/Http/Request))
#45 D:/workplace/www/quikborrow/vendor/laravel/framework/src/Illuminate/Pipeline/Pipeline.php(183): Illuminate/Foundation/Http/Middleware/PreventRequestsDuringMaintenance->handle(Object(Illuminate/Http/Request), Object(Closure))
#46 D:/workplace/www/quikborrow/vendor/laravel/framework/src/Illuminate/Http/Middleware/HandleCors.php(49): Illuminate/Pipeline/Pipeline->Illuminate/Pipeline/{closure}(Object(Illuminate/Http/Request))
#47 D:/workplace/www/quikborrow/vendor/laravel/framework/src/Illuminate/Pipeline/Pipeline.php(183): Illuminate/Http/Middleware/HandleCors->handle(Object(Illuminate/Http/Request), Object(Closure))
#48 D:/workplace/www/quikborrow/vendor/laravel/framework/src/Illuminate/Http/Middleware/TrustProxies.php(39): Illuminate/Pipeline/Pipeline->Illuminate/Pipeline/{closure}(Object(Illuminate/Http/Request))
#49 D:/workplace/www/quikborrow/vendor/laravel/framework/src/Illuminate/Pipeline/Pipeline.php(183): Illuminate/Http/Middleware/TrustProxies->handle(Object(Illuminate/Http/Request), Object(Closure))
#50 D:/workplace/www/quikborrow/vendor/laravel/framework/src/Illuminate/Pipeline/Pipeline.php(119): Illuminate/Pipeline/Pipeline->Illuminate/Pipeline/{closure}(Object(Illuminate/Http/Request))
#51 D:/workplace/www/quikborrow/vendor/laravel/framework/src/Illuminate/Foundation/Http/Kernel.php(175): Illuminate/Pipeline/Pipeline->then(Object(Closure))
#52 D:/workplace/www/quikborrow/vendor/laravel/framework/src/Illuminate/Foundation/Http/Kernel.php(144): Illuminate/Foundation/Http/Kernel->sendRequestThroughRouter(Object(Illuminate/Http/Request))
#53 D:/workplace/www/quikborrow/public/index.php(51): Illuminate/Foundation/Http/Kernel->handle(Object(Illuminate/Http/Request))
#54 D:/workplace/www/quikborrow/server.php(21): require_once('D://workplace//ww...')
#55 {main}

[previous exception] [object] (PDOException(code: 1045): SQLSTATE[HY000] [1045] Access denied for user 'easyailo_quikborrow'@'localhost' (using password: YES) at D:/workplace/www/quikborrow/vendor/laravel/framework/src/Illuminate/Database/Connectors/Connector.php:65)
[stacktrace]
#0 D:/workplace/www/quikborrow/vendor/laravel/framework/src/Illuminate/Database/Connectors/Connector.php(65): PDO->__construct('mysql:host=127....', 'easyailo_easyai...', Object(SensitiveParameterValue), Array)
#1 D:/workplace/www/quikborrow/vendor/laravel/framework/src/Illuminate/Database/Connectors/Connector.php(44): Illuminate/Database/Connectors/Connector->createPdoConnection('mysql:host=127....', 'easyailo_easyai...', '6-F8{c2hPo.J)mc...', Array)
#2 D:/workplace/www/quikborrow/vendor/laravel/framework/src/Illuminate/Database/Connectors/MySqlConnector.php(24): Illuminate/Database/Connectors/Connector->createConnection('mysql:host=127....', Array, Array)
#3 D:/workplace/www/quikborrow/vendor/laravel/framework/src/Illuminate/Database/Connectors/ConnectionFactory.php(184): Illuminate/Database/Connectors/MySqlConnector->connect(Array)
#4 [internal function]: Illuminate/Database/Connectors/ConnectionFactory->Illuminate/Database/Connectors/{closure}()
#5 D:/workplace/www/quikborrow/vendor/laravel/framework/src/Illuminate/Database/Connection.php(1339): call_user_func(Object(Closure))
#6 D:/workplace/www/quikborrow/vendor/laravel/framework/src/Illuminate/Database/Connection.php(1375): Illuminate/Database/Connection->getPdo()
#7 D:/workplace/www/quikborrow/vendor/laravel/framework/src/Illuminate/Database/Connection.php(528): Illuminate/Database/Connection->getReadPdo()
#8 D:/workplace/www/quikborrow/vendor/laravel/framework/src/Illuminate/Database/Connection.php(423): Illuminate/Database/Connection->getPdoForSelect(true)
#9 D:/workplace/www/quikborrow/vendor/laravel/framework/src/Illuminate/Database/Connection.php(816): Illuminate/Database/Connection->Illuminate/Database/{closure}('select `content...', Array)
#10 D:/workplace/www/quikborrow/vendor/laravel/framework/src/Illuminate/Database/Connection.php(783): Illuminate/Database/Connection->runQueryCallback('select `content...', Array, Object(Closure))
#11 D:/workplace/www/quikborrow/vendor/laravel/framework/src/Illuminate/Database/Connection.php(414): Illuminate/Database/Connection->run('select `content...', Array, Object(Closure))
#12 D:/workplace/www/quikborrow/vendor/laravel/framework/src/Illuminate/Database/Query/Builder.php(2913): Illuminate/Database/Connection->select('select `content...', Array, true)
#13 D:/workplace/www/quikborrow/vendor/laravel/framework/src/Illuminate/Database/Query/Builder.php(2902): Illuminate/Database/Query/Builder->runSelect()
#14 D:/workplace/www/quikborrow/vendor/laravel/framework/src/Illuminate/Database/Query/Builder.php(3456): Illuminate/Database/Query/Builder->Illuminate/Database/Query/{closure}()
#15 D:/workplace/www/quikborrow/vendor/laravel/framework/src/Illuminate/Database/Query/Builder.php(2901): Illuminate/Database/Query/Builder->onceWithColumns(Array, Object(Closure))
#16 D:/workplace/www/quikborrow/vendor/laravel/framework/src/Illuminate/Database/Eloquent/Builder.php(739): Illuminate/Database/Query/Builder->get(Array)
#17 D:/workplace/www/quikborrow/vendor/laravel/framework/src/Illuminate/Database/Eloquent/Builder.php(723): Illuminate/Database/Eloquent/Builder->getModels(Array)
#18 D:/workplace/www/quikborrow/vendor/laravel/framework/src/Illuminate/Database/Concerns/BuildsQueries.php(333): Illuminate/Database/Eloquent/Builder->get(Array)
#19 D:/workplace/www/quikborrow/app/Http/Controllers/HomeController.php(21): Illuminate/Database/Eloquent/Builder->first()
#20 D:/workplace/www/quikborrow/vendor/laravel/framework/src/Illuminate/Routing/Controller.php(54): App/Http/Controllers/HomeController->home()
#21 D:/workplace/www/quikborrow/vendor/laravel/framework/src/Illuminate/Routing/ControllerDispatcher.php(43): Illuminate/Routing/Controller->callAction('home', Array)
#22 D:/workplace/www/quikborrow/vendor/laravel/framework/src/Illuminate/Routing/Route.php(259): Illuminate/Routing/ControllerDispatcher->dispatch(Object(Illuminate/Routing/Route), Object(App/Http/Controllers/HomeController), 'home')
#23 D:/workplace/www/quikborrow/vendor/laravel/framework/src/Illuminate/Routing/Route.php(205): Illuminate/Routing/Route->runController()
#24 D:/workplace/www/quikborrow/vendor/laravel/framework/src/Illuminate/Routing/Router.php(806): Illuminate/Routing/Route->run()
#25 D:/workplace/www/quikborrow/vendor/laravel/framework/src/Illuminate/Pipeline/Pipeline.php(144): Illuminate/Routing/Router->Illuminate/Routing/{closure}(Object(Illuminate/Http/Request))
#26 D:/workplace/www/quikborrow/vendor/laravel/framework/src/Illuminate/Routing/Middleware/SubstituteBindings.php(50): Illuminate/Pipeline/Pipeline->Illuminate/Pipeline/{closure}(Object(Illuminate/Http/Request))
#27 D:/workplace/www/quikborrow/vendor/laravel/framework/src/Illuminate/Pipeline/Pipeline.php(183): Illuminate/Routing/Middleware/SubstituteBindings->handle(Object(Illuminate/Http/Request), Object(Closure))
#28 D:/workplace/www/quikborrow/vendor/laravel/framework/src/Illuminate/Foundation/Http/Middleware/VerifyCsrfToken.php(78): Illuminate/Pipeline/Pipeline->Illuminate/Pipeline/{closure}(Object(Illuminate/Http/Request))
#29 D:/workplace/www/quikborrow/vendor/laravel/framework/src/Illuminate/Pipeline/Pipeline.php(183): Illuminate/Foundation/Http/Middleware/VerifyCsrfToken->handle(Object(Illuminate/Http/Request), Object(Closure))
#30 D:/workplace/www/quikborrow/vendor/laravel/framework/src/Illuminate/View/Middleware/ShareErrorsFromSession.php(49): Illuminate/Pipeline/Pipeline->Illuminate/Pipeline/{closure}(Object(Illuminate/Http/Request))
#31 D:/workplace/www/quikborrow/vendor/laravel/framework/src/Illuminate/Pipeline/Pipeline.php(183): Illuminate/View/Middleware/ShareErrorsFromSession->handle(Object(Illuminate/Http/Request), Object(Closure))
#32 D:/workplace/www/quikborrow/vendor/laravel/framework/src/Illuminate/Session/Middleware/StartSession.php(121): Illuminate/Pipeline/Pipeline->Illuminate/Pipeline/{closure}(Object(Illuminate/Http/Request))
#33 D:/workplace/www/quikborrow/vendor/laravel/framework/src/Illuminate/Session/Middleware/StartSession.php(64): Illuminate/Session/Middleware/StartSession->handleStatefulRequest(Object(Illuminate/Http/Request), Object(Illuminate/Session/Store), Object(Closure))
#34 D:/workplace/www/quikborrow/vendor/laravel/framework/src/Illuminate/Pipeline/Pipeline.php(183): Illuminate/Session/Middleware/StartSession->handle(Object(Illuminate/Http/Request), Object(Closure))
#35 D:/workplace/www/quikborrow/vendor/laravel/framework/src/Illuminate/Cookie/Middleware/AddQueuedCookiesToResponse.php(37): Illuminate/Pipeline/Pipeline->Illuminate/Pipeline/{closure}(Object(Illuminate/Http/Request))
#36 D:/workplace/www/quikborrow/vendor/laravel/framework/src/Illuminate/Pipeline/Pipeline.php(183): Illuminate/Cookie/Middleware/AddQueuedCookiesToResponse->handle(Object(Illuminate/Http/Request), Object(Closure))
#37 D:/workplace/www/quikborrow/vendor/laravel/framework/src/Illuminate/Cookie/Middleware/EncryptCookies.php(67): Illuminate/Pipeline/Pipeline->Illuminate/Pipeline/{closure}(Object(Illuminate/Http/Request))
#38 D:/workplace/www/quikborrow/vendor/laravel/framework/src/Illuminate/Pipeline/Pipeline.php(183): Illuminate/Cookie/Middleware/EncryptCookies->handle(Object(Illuminate/Http/Request), Object(Closure))
#39 D:/workplace/www/quikborrow/vendor/laravel/framework/src/Illuminate/Pipeline/Pipeline.php(119): Illuminate/Pipeline/Pipeline->Illuminate/Pipeline/{closure}(Object(Illuminate/Http/Request))
#40 D:/workplace/www/quikborrow/vendor/laravel/framework/src/Illuminate/Routing/Router.php(805): Illuminate/Pipeline/Pipeline->then(Object(Closure))
#41 D:/workplace/www/quikborrow/vendor/laravel/framework/src/Illuminate/Routing/Router.php(784): Illuminate/Routing/Router->runRouteWithinStack(Object(Illuminate/Routing/Route), Object(Illuminate/Http/Request))
#42 D:/workplace/www/quikborrow/vendor/laravel/framework/src/Illuminate/Routing/Router.php(748): Illuminate/Routing/Router->runRoute(Object(Illuminate/Http/Request), Object(Illuminate/Routing/Route))
#43 D:/workplace/www/quikborrow/vendor/laravel/framework/src/Illuminate/Routing/Router.php(737): Illuminate/Routing/Router->dispatchToRoute(Object(Illuminate/Http/Request))
#44 D:/workplace/www/quikborrow/vendor/laravel/framework/src/Illuminate/Foundation/Http/Kernel.php(200): Illuminate/Routing/Router->dispatch(Object(Illuminate/Http/Request))
#45 D:/workplace/www/quikborrow/vendor/laravel/framework/src/Illuminate/Pipeline/Pipeline.php(144): Illuminate/Foundation/Http/Kernel->Illuminate/Foundation/Http/{closure}(Object(Illuminate/Http/Request))
#46 D:/workplace/www/quikborrow/vendor/laravel/framework/src/Illuminate/Foundation/Http/Middleware/TransformsRequest.php(21): Illuminate/Pipeline/Pipeline->Illuminate/Pipeline/{closure}(Object(Illuminate/Http/Request))
#47 D:/workplace/www/quikborrow/vendor/laravel/framework/src/Illuminate/Foundation/Http/Middleware/ConvertEmptyStringsToNull.php(31): Illuminate/Foundation/Http/Middleware/TransformsRequest->handle(Object(Illuminate/Http/Request), Object(Closure))
#48 D:/workplace/www/quikborrow/vendor/laravel/framework/src/Illuminate/Pipeline/Pipeline.php(183): Illuminate/Foundation/Http/Middleware/ConvertEmptyStringsToNull->handle(Object(Illuminate/Http/Request), Object(Closure))
#49 D:/workplace/www/quikborrow/vendor/laravel/framework/src/Illuminate/Foundation/Http/Middleware/TransformsRequest.php(21): Illuminate/Pipeline/Pipeline->Illuminate/Pipeline/{closure}(Object(Illuminate/Http/Request))
#50 D:/workplace/www/quikborrow/vendor/laravel/framework/src/Illuminate/Foundation/Http/Middleware/TrimStrings.php(40): Illuminate/Foundation/Http/Middleware/TransformsRequest->handle(Object(Illuminate/Http/Request), Object(Closure))
#51 D:/workplace/www/quikborrow/vendor/laravel/framework/src/Illuminate/Pipeline/Pipeline.php(183): Illuminate/Foundation/Http/Middleware/TrimStrings->handle(Object(Illuminate/Http/Request), Object(Closure))
#52 D:/workplace/www/quikborrow/vendor/laravel/framework/src/Illuminate/Foundation/Http/Middleware/ValidatePostSize.php(27): Illuminate/Pipeline/Pipeline->Illuminate/Pipeline/{closure}(Object(Illuminate/Http/Request))
#53 D:/workplace/www/quikborrow/vendor/laravel/framework/src/Illuminate/Pipeline/Pipeline.php(183): Illuminate/Foundation/Http/Middleware/ValidatePostSize->handle(Object(Illuminate/Http/Request), Object(Closure))
#54 D:/workplace/www/quikborrow/vendor/laravel/framework/src/Illuminate/Foundation/Http/Middleware/PreventRequestsDuringMaintenance.php(99): Illuminate/Pipeline/Pipeline->Illuminate/Pipeline/{closure}(Object(Illuminate/Http/Request))
#55 D:/workplace/www/quikborrow/vendor/laravel/framework/src/Illuminate/Pipeline/Pipeline.php(183): Illuminate/Foundation/Http/Middleware/PreventRequestsDuringMaintenance->handle(Object(Illuminate/Http/Request), Object(Closure))
#56 D:/workplace/www/quikborrow/vendor/laravel/framework/src/Illuminate/Http/Middleware/HandleCors.php(49): Illuminate/Pipeline/Pipeline->Illuminate/Pipeline/{closure}(Object(Illuminate/Http/Request))
#57 D:/workplace/www/quikborrow/vendor/laravel/framework/src/Illuminate/Pipeline/Pipeline.php(183): Illuminate/Http/Middleware/HandleCors->handle(Object(Illuminate/Http/Request), Object(Closure))
#58 D:/workplace/www/quikborrow/vendor/laravel/framework/src/Illuminate/Http/Middleware/TrustProxies.php(39): Illuminate/Pipeline/Pipeline->Illuminate/Pipeline/{closure}(Object(Illuminate/Http/Request))
#59 D:/workplace/www/quikborrow/vendor/laravel/framework/src/Illuminate/Pipeline/Pipeline.php(183): Illuminate/Http/Middleware/TrustProxies->handle(Object(Illuminate/Http/Request), Object(Closure))
#60 D:/workplace/www/quikborrow/vendor/laravel/framework/src/Illuminate/Pipeline/Pipeline.php(119): Illuminate/Pipeline/Pipeline->Illuminate/Pipeline/{closure}(Object(Illuminate/Http/Request))
#61 D:/workplace/www/quikborrow/vendor/laravel/framework/src/Illuminate/Foundation/Http/Kernel.php(175): Illuminate/Pipeline/Pipeline->then(Object(Closure))
#62 D:/workplace/www/quikborrow/vendor/laravel/framework/src/Illuminate/Foundation/Http/Kernel.php(144): Illuminate/Foundation/Http/Kernel->sendRequestThroughRouter(Object(Illuminate/Http/Request))
#63 D:/workplace/www/quikborrow/public/index.php(51): Illuminate/Foundation/Http/Kernel->handle(Object(Illuminate/Http/Request))
#64 D:/workplace/www/quikborrow/server.php(21): require_once('D://workplace//ww...')
#65 {main}
"} 
